GitHub Pages | Websites for you and your projects,hosted directly from your GitHub repository. Just edit, push, and your changes are live.
Websites for you and your projects.
Hosted directly from your GitHub repository. Just edit,push, and your changes are live.
Pages Help





Ready to get started? Build your own site from scratch or generate one for your project.
You get one site per GitHub account and organization,and unlimited project sites. Let‘s get started.
User or organization site
Project site



Create a repository
Head over to GitHub and create a new public repository named username.github.io,where username is your username (or organization name) on GitHub.
If the first part of the repository doesn’t exactly match your username,it won’t work, so make sure to get it right.
What git client are you using?

A terminal
GitHub Desktop
I don't know



Download GitHub Desktop
GitHub Desktop is a great way to use Git and GitHub on macOS and Windows.
Download GitHub Desktop



Clone the repository
Go to the folder where you want to store your project,and clone the new repository:
~$git clone https://github.com/username/username.github.io




Clone the repository
Click the "Set up in Desktop" button. When the GitHub desktop app opens,save the project.
If the app doesn't open,launch it and clone the repository from the app.
Clone the repository
After finishing the installation,head back to GitHub.com and refresh the page. Click the "Set up in Desktop" button. When the GitHub desktop app opens, save the project.
If the app doesn't open,launch it and clone the repository from the app.
Hello World
Enter the project folder and add an index.html file:



~$cd username.github.io
~$echo "Hello World" > index.html




Create an index file
Grab your favorite text editor and add an index.html file to your project:

index.html

<!DOCTYPE html>
<html>
<body>
<h1>Hello World</h1>
<p>I'm hosted with GitHub Pages.</p>
</body>
</html>



Push it
Add,commit, and push your changes:
~$git add --all
~$git commit -m "Initial commit"
~$git push -u origin main




Commit & publish
Enter the repository,commit your changes, and press the publish button.
…and you're done!
Fire up a browser and go to https://username.github.io.







Use a theme,or start from scratch?
or to create a site from scratch.
      
Choose a theme
Start from scratch



Repository Settings
Head over to GitHub.com and create a new repository,or go to an existing one.
Click on the Settings tab.



Theme chooser
Scroll down to the GitHub Pages section. Press Choose a theme.



Pick a theme
Choose one of the themes from the carousel at the top.
      When you're done,click Select theme on the right.
Edit content
Use the editor to add content to your site.



Commit
Enter a commit comment and click on Commit changes below the editor.



Create an index file
Head over to GitHub.com and create a new repository,or go to an existing one.
Click on the Create new file button.



Hello World
Name the file index.html and type some HTML content into the editor.



Commit the file
Scroll to the bottom of the page,write a commit message, and commit the new file.
Repository Settings
Click on the Settings tab and scroll down to the GitHub Pages section.
      Then select the main branch source and click on the Save button.



…and you're done!
Fire up a browser and go to http://username.github.io/repository.







Now that you’re up and running,here are a few things you should know.
Blogging with Jekyll
Using Jekyll,you can blog using beautiful Markdown syntax, and without having to deal with any databases. Learn how to set up Jekyll.
Custom URLs
Want to use your own custom domain for a GitHub Pages site? Just create a file named CNAME  and include your URL. Read more.





Guides
Learn how to create custom 404 pages,use submodules, and learn more about GitHub Pages.
Status
API
Training
Shop
Blog
About





© 2025 GitHub,Inc.
范明明

































范明明's Blog













动态日历                        
统计近10个月的博主文章和评论数目


Loading...





分类雷达图


Loading...







发布统计图


Loading...





分类统计图


Loading...





标签统计图


Loading...






























              时光机              
新






                                时光机                            


前些天重新调整了服务器的防火墙设置,现在除了WEB所必须的端口向外开放以外，全部端口都做了定向访问。终于可以常年不重启了…2023 年 01 月 10 日处理家庭的一些事情，好久没更新。终于抽空把主题版本做了升级。不知道该写什么了……2022 年 11 月 09 日Tg这个软件可能是被大多数人贴了什么标签了吧，用Tg的就没好人了吗？2022 年 05 月 24 日
用户名


密码


登录
登录中...






























文章
时光机
































范明明


一个平时比较安静的人,喜欢尝鲜，享受发现过程中的快乐。虽然知足但追求完美。
晚上好,注意早点休息
首页


 Photo Facebook Instagram 









分类


9心情随笔10科技资讯41技术分享2网络安全4影音天地9相册照片









页面


隐私权
关于我
时光机
归档栏
代码库
留言板









友链



心月云离梦博客陌路寒暄阳光之海Ratel博客FunZH博客李林超博客开源爱好者Kitten's Blog申请友链 










 

















范明明
发现新奇,你要找的东西正在找你！
通过无服务环境搭建属于自己的EPG服务
 # 前言：本文介绍通过Cloudflare的Worker服务来搭建属于自己的EPG服务。优点：* 免维护自动更新
* 支持IPv6/IPv4双栈访问
* ...

范明明
2024 年 06 月 04 日4 条评论 


 使用nginx代理IPv6流量,实现通过IPv4访问。
抱歉,很久没更新Blog。昨天夜里，某群友咨询关于通过大流量双栈服务器中转IPv6的网站流量，因之前实践过将联通的大内网单播源通过nginx中转为ip...
范明明
2023 年 12 月 14 日16 条评论 


 此内容被密码保护
 请输入密码访问
            
            

范明明
2023 年 07 月 23 日关闭评论 


 树莓派安装Apache2和php环境
 1. 更新apt：```text
sudo apt update
```2. 安装apache 2：```text
sudo apt install ap...

范明明
2023 年 06 月 15 日暂无评论 


 30秒在Vercel构建自己的无服务器php环境并实现国内直连访问
 # myphp30秒在Vercel构建自己的无服务器php环境并实现国内直连访问。### 操作步骤：- 准备好域名
- forks[本项目](https:...

范明明
2023 年 04 月 30 日4 条评论 


 此内容被密码保护
 请输入密码访问
            
            

范明明
2023 年 02 月 17 日暂无评论 


 CSDN免登录复制代码
 这是一篇简短的分享,解决无法复制csdn文章中的代码问题。在您访问的csdn页面下按下“F12”，找到右侧“控制台”，输入下方代码并回车。然后，你就可以随...
范明明
2023 年 02 月 10 日1 条评论 


 使用树莓派或Ubuntu进行直播循环推流
 最近看了某大神的视频,刚好手里有树莓派就开始了折腾之路。由于视频当中讲到的是CentOS7.8系统，对于这么古老的系统来说强迫症有点受不了，所以就有了下面...
范明明
2023 年 01 月 09 日暂无评论 


 Docker管理面板Portainer汉化版
 # portainer-ce中文版源码仓库[https://github.com/eysp/portainer-ce](https://github.co...

范明明
2022 年 12 月 07 日2 条评论 


 CentOS 8 Module yaml error 问题解决
 系统为：CentOS 8,执行升级命令后出现如下提示。```
Module yaml error: Unexpected key in data: sta...

范明明
2022 年 11 月 29 日暂无评论 


 解决无权限删除文件或文件夹的问题
 　　如果你确认多个文件夹不可访问,并且遇到了“你当前无权访问此文件夹”问题，建议你通过以下特定的命令行来获取Windows根文件夹的所有权。**步骤1.*...
范明明
2022 年 07 月 21 日1 条评论 


 如何合并在Namecheap申请的SSL证书
 ## 前言本文将指导您完成合并Namecheap下载的网站SSL证书步骤。从Namecheap网站下载下来的证书压缩包文件为your_domain.zip...

范明明
2022 年 04 月 13 日2 条评论 



1234...7 





 





 热门文章 
 最新评论 
  随机文章










  主流中文国际电台短波接收频率表(A22) 
  浏览次数: 269619




  一款免费的全平台SSH客户端 Termius 
  浏览次数: 127599




  如何将必应Bing每日图片设置为网站背景 
  浏览次数: 111394




  为iPhone日历添加法定节假日放假安排 
  浏览次数: 96719




  使用RTL2832U+R820T电视棒+sdrsharp搭建软件无线电教程 
  浏览次数: 91784

 










 阳光之海 



                          来拜访下                      










 问题者 



                          7、选择左上角返回,找到[设置]——[触发器]，右侧选择[添加...
张 



                          你好,ipv6直播源怎么不能连接了
